Ubuntu started
/usr/bin/clang-18
/usr/bin/clang-tidy-18
/usr/bin/clang-format-18
Conan version 2.24.0
[settings]
arch=x86_64
build_type=Release
compiler=gcc
compiler.cppstd=gnu14
compiler.libcxx=libstdc++11
compiler.version=9
os=Linux

-- Using Conan toolchain: /mnt/c/Data/projects/pkr_units/.clang_build/generators/conan_toolchain.cmake
-- Conan toolchain: Setting CMAKE_POSITION_INDEPENDENT_CODE=ON (options.fPIC)
-- Conan toolchain: Defining architecture flag: -m64
-- Conan toolchain: Defining libcxx as C++ flags: -stdlib=libc++
-- Conan toolchain: C++ Standard 20 with extensions OFF
-- Conan toolchain: Setting BUILD_SHARED_LIBS = OFF
-- Setting compiler settings for compiler : Clang
-- [/mnt/c/Data/projects/pkr_units/build/clang_settings.cmake)(4)] : Setting Clang compiler and linker options
-- Conan: Component target declared 'GTest::gtest'
-- Conan: Component target declared 'GTest::gtest_main'
-- Conan: Component target declared 'GTest::gmock'
-- Conan: Component target declared 'GTest::gmock_main'
-- Conan: Target declared 'gtest::gtest'
-- [clang-format.cmake] clang_format_target: _mnt_c_Data_projects_pkr_units_sdk_include
-- [clang-format.cmake] clang_format_target: _mnt_c_Data_projects_pkr_units_tests
-- GENERATE_SINGLE_HEADER is ON: adding custom target to precompute single header
-- Configuring done (3.1s)
-- Generating done (0.8s)
-- Build files have been written to: /mnt/c/Data/projects/pkr_units/.clang_build
[1/2] Building CXX object tests/CMakeFiles/si_units_test.dir/parsing/test_parsing_monadic.cpp.o
FAILED: tests/CMakeFiles/si_units_test.dir/parsing/test_parsing_monadic.cpp.o 
/usr/bin/clang++-18  -I/mnt/c/Data/projects/pkr_units/sdk/include -I/mnt/c/Data/projects/pkr_units/tests/../sdk/include -isystem /home/pkr/.conan2/p/b/gtest1595706556483/p/include -m64 -stdlib=libc++ -g -Og -std=c++20 -fPIE -Wall -Wextra -Wconversion -Wsign-conversion -Wshadow -Wshadow-all -Wnull-dereference -Wold-style-cast -Woverloaded-virtual -Wdouble-promotion -Wpedantic -Werror -Wno-comment -Wno-unused-command-line-argument -fprofile-instr-generate -fcoverage-mapping -fPIC -MD -MT tests/CMakeFiles/si_units_test.dir/parsing/test_parsing_monadic.cpp.o -MF tests/CMakeFiles/si_units_test.dir/parsing/test_parsing_monadic.cpp.o.d -o tests/CMakeFiles/si_units_test.dir/parsing/test_parsing_monadic.cpp.o -c /mnt/c/Data/projects/pkr_units/tests/parsing/test_parsing_monadic.cpp
In file included from /mnt/c/Data/projects/pkr_units/tests/parsing/test_parsing_monadic.cpp:3:
In file included from /mnt/c/Data/projects/pkr_units/sdk/include/pkr_units/impl/parsing/parse.h:8:
/mnt/c/Data/projects/pkr_units/sdk/include/pkr_units/impl/parsing/parse_measurement_impl.h:41:1: error: implicit instantiation of undefined template 'pkr::units::impl::measurement_unit_traits<pkr::units::measurement_lin_t<pkr::units::meter_t<double>>>'
   41 | using measurement_unit_t = typename measurement_unit_traits<MeasurementT>::type;
      | ^
/mnt/c/Data/projects/pkr_units/sdk/include/pkr_units/impl/parsing/parse.h:119:29: note: in instantiation of template type alias 'measurement_unit_t' requested here
  119 |     using unit_type = impl::measurement_unit_t<TargetMeasurement>;
      |                             ^
/mnt/c/Data/projects/pkr_units/sdk/include/pkr_units/impl/parsing/parse.h:166:12: note: in instantiation of function template specialization 'pkr::units::parse_linear<pkr::units::measurement_lin_t<pkr::units::meter_t<double>>, char>' requested here
  166 |     return parse_linear<TargetMeasurement, CharT>(std::basic_string_view<CharT>{input});
      |            ^
/mnt/c/Data/projects/pkr_units/tests/parsing/test_parsing_monadic.cpp:397:19: note: in instantiation of function template specialization 'pkr::units::parse_linear<pkr::units::measurement_lin_t<pkr::units::meter_t<double>>, char>' requested here
  397 |     auto result = parse_linear<measurement_lin_t<meter_t<double>>>("5.0 +/- 0.1");
      |                   ^
/mnt/c/Data/projects/pkr_units/sdk/include/pkr_units/impl/parsing/parse_measurement_impl.h:17:8: note: template is declared here
   17 | struct measurement_unit_traits;
      |        ^
/mnt/c/Data/projects/pkr_units/sdk/include/pkr_units/impl/parsing/parse_measurement_impl.h:44:1: error: implicit instantiation of undefined template 'pkr::units::impl::measurement_unit_traits<pkr::units::measurement_lin_t<pkr::units::meter_t<double>>>'
   44 | using measurement_value_t = typename measurement_unit_traits<MeasurementT>::value_type;
      | ^
/mnt/c/Data/projects/pkr_units/sdk/include/pkr_units/impl/parsing/parse.h:120:30: note: in instantiation of template type alias 'measurement_value_t' requested here
  120 |     using value_type = impl::measurement_value_t<TargetMeasurement>;
      |                              ^
/mnt/c/Data/projects/pkr_units/sdk/include/pkr_units/impl/parsing/parse.h:166:12: note: in instantiation of function template specialization 'pkr::units::parse_linear<pkr::units::measurement_lin_t<pkr::units::meter_t<double>>, char>' requested here
  166 |     return parse_linear<TargetMeasurement, CharT>(std::basic_string_view<CharT>{input});
      |            ^
/mnt/c/Data/projects/pkr_units/tests/parsing/test_parsing_monadic.cpp:397:19: note: in instantiation of function template specialization 'pkr::units::parse_linear<pkr::units::measurement_lin_t<pkr::units::meter_t<double>>, char>' requested here
  397 |     auto result = parse_linear<measurement_lin_t<meter_t<double>>>("5.0 +/- 0.1");
      |                   ^
/mnt/c/Data/projects/pkr_units/sdk/include/pkr_units/impl/parsing/parse_measurement_impl.h:17:8: note: template is declared here
   17 | struct measurement_unit_traits;
      |        ^
In file included from /mnt/c/Data/projects/pkr_units/tests/parsing/test_parsing_monadic.cpp:3:
/mnt/c/Data/projects/pkr_units/sdk/include/pkr_units/impl/parsing/parse.h:149:36: error: no matching function for call to 'symbol_matches'
  149 |     if (!parts->symbol.empty() && !impl::symbol_matches<unit_type, CharT>(parts->symbol)) {
      |                                    ^~~~~~~~~~~~~~~~~~~~~~~~~~~~~~~~~~~~~~
/mnt/c/Data/projects/pkr_units/sdk/include/pkr_units/impl/parsing/parse.h:166:12: note: in instantiation of function template specialization 'pkr::units::parse_linear<pkr::units::measurement_lin_t<pkr::units::meter_t<double>>, char>' requested here
  166 |     return parse_linear<TargetMeasurement, CharT>(std::basic_string_view<CharT>{input});
      |            ^
/mnt/c/Data/projects/pkr_units/tests/parsing/test_parsing_monadic.cpp:397:19: note: in instantiation of function template specialization 'pkr::units::parse_linear<pkr::units::measurement_lin_t<pkr::units::meter_t<double>>, char>' requested here
  397 |     auto result = parse_linear<measurement_lin_t<meter_t<double>>>("5.0 +/- 0.1");
      |                   ^
/mnt/c/Data/projects/pkr_units/sdk/include/pkr_units/impl/parsing/parse_impl.h:210:16: note: candidate template ignored: constraints not satisfied [with TargetUnit = unit_type, CharT = char]
  210 | constexpr bool symbol_matches(std::basic_string_view<CharT> symbol)
      |                ^
/mnt/c/Data/projects/pkr_units/sdk/include/pkr_units/impl/parsing/parse_impl.h:209:11: note: because 'int' does not satisfy 'is_pkr_unit_c'
  209 | template <is_pkr_unit_c TargetUnit, typename CharT>
      |           ^
/mnt/c/Data/projects/pkr_units/sdk/include/pkr_units/impl/concepts/unit_concepts.h:46:25: note: because 'int' does not satisfy 'is_base_pkr_unit_c'
   46 | concept is_pkr_unit_c = is_base_pkr_unit_c<T> || is_derived_pkr_unit_c<T>;
      |                         ^
/mnt/c/Data/projects/pkr_units/sdk/include/pkr_units/impl/concepts/unit_concepts.h:42:30: note: because 'details::is_pkr_unit<int>::value' evaluated to false
   42 | concept is_base_pkr_unit_c = details::is_pkr_unit<T>::value && !is_derived_pkr_unit_c<T>;
      |                              ^
/mnt/c/Data/projects/pkr_units/sdk/include/pkr_units/impl/concepts/unit_concepts.h:46:50: note: and 'int' does not satisfy 'is_derived_pkr_unit_c'
   46 | concept is_pkr_unit_c = is_base_pkr_unit_c<T> || is_derived_pkr_unit_c<T>;
      |                                                  ^
/mnt/c/Data/projects/pkr_units/sdk/include/pkr_units/impl/concepts/unit_concepts.h:38:53: note: because 'typename T::_base' would be invalid: type 'int' cannot be used prior to '::' because it has no members
   38 | concept is_derived_pkr_unit_c = requires { typename T::_base; } && std::is_base_of_v<typename T::_base, T>;
      |                                                     ^
In file included from /mnt/c/Data/projects/pkr_units/tests/parsing/test_parsing_monadic.cpp:3:
/mnt/c/Data/projects/pkr_units/sdk/include/pkr_units/impl/parsing/parse.h:157:27: error: non-constant-expression cannot be narrowed from type 'unit_type' (aka 'int') to 'typename meter_t<double>::value_type' (aka 'double') in initializer list [-Wc++11-narrowing]
  157 |         TargetMeasurement{value_unit, uncertainty_unit}
      |                           ^~~~~~~~~~
/mnt/c/Data/projects/pkr_units/sdk/include/pkr_units/impl/parsing/parse.h:157:27: note: insert an explicit cast to silence this issue
  157 |         TargetMeasurement{value_unit, uncertainty_unit}
      |                           ^~~~~~~~~~
      |                           static_cast<value_type>( )
/mnt/c/Data/projects/pkr_units/sdk/include/pkr_units/impl/parsing/parse.h:157:39: error: non-constant-expression cannot be narrowed from type 'unit_type' (aka 'int') to 'typename meter_t<double>::value_type' (aka 'double') in initializer list [-Wc++11-narrowing]
  157 |         TargetMeasurement{value_unit, uncertainty_unit}
      |                                       ^~~~~~~~~~~~~~~~
/mnt/c/Data/projects/pkr_units/sdk/include/pkr_units/impl/parsing/parse.h:157:39: note: insert an explicit cast to silence this issue
  157 |         TargetMeasurement{value_unit, uncertainty_unit}
      |                                       ^~~~~~~~~~~~~~~~
      |                                       static_cast<value_type>( )
In file included from /mnt/c/Data/projects/pkr_units/tests/parsing/test_parsing_monadic.cpp:3:
In file included from /mnt/c/Data/projects/pkr_units/sdk/include/pkr_units/impl/parsing/parse.h:8:
/mnt/c/Data/projects/pkr_units/sdk/include/pkr_units/impl/parsing/parse_measurement_impl.h:97:17: error: call to function 'trim_left' that is neither visible in the template definition nor found by argument-dependent lookup
   97 |     remainder = trim_left(remainder);
      |                 ^
/mnt/c/Data/projects/pkr_units/sdk/include/pkr_units/impl/parsing/parse.h:130:24: note: in instantiation of function template specialization 'pkr::units::impl::split_measurement_components<char>' requested here
  130 |     auto parts = impl::split_measurement_components<CharT>(input);
      |                        ^
/mnt/c/Data/projects/pkr_units/sdk/include/pkr_units/impl/parsing/parse.h:166:12: note: in instantiation of function template specialization 'pkr::units::parse_linear<pkr::units::measurement_lin_t<pkr::units::meter_t<double>>, char>' requested here
  166 |     return parse_linear<TargetMeasurement, CharT>(std::basic_string_view<CharT>{input});
      |            ^
/mnt/c/Data/projects/pkr_units/tests/parsing/test_parsing_monadic.cpp:397:19: note: in instantiation of function template specialization 'pkr::units::parse_linear<pkr::units::measurement_lin_t<pkr::units::meter_t<double>>, char>' requested here
  397 |     auto result = parse_linear<measurement_lin_t<meter_t<double>>>("5.0 +/- 0.1");
      |                   ^
/mnt/c/Data/projects/pkr_units/sdk/include/pkr_units/impl/parsing/parse_measurement_impl.h:108:38: note: 'trim_left' should be declared prior to the call site
  108 | inline std::basic_string_view<CharT> trim_left(std::basic_string_view<CharT> str)
      |                                      ^
/mnt/c/Data/projects/pkr_units/sdk/include/pkr_units/impl/parsing/parse_measurement_impl.h:41:1: error: implicit instantiation of undefined template 'pkr::units::impl::measurement_unit_traits<pkr::units::measurement_rss_t<pkr::units::kilogram_t<double>>>'
   41 | using measurement_unit_t = typename measurement_unit_traits<MeasurementT>::type;
      | ^
/mnt/c/Data/projects/pkr_units/sdk/include/pkr_units/impl/parsing/parse.h:200:29: note: in instantiation of template type alias 'measurement_unit_t' requested here
  200 |     using unit_type = impl::measurement_unit_t<TargetMeasurement>;
      |                             ^
/mnt/c/Data/projects/pkr_units/sdk/include/pkr_units/impl/parsing/parse.h:247:12: note: in instantiation of function template specialization 'pkr::units::parse_rss<pkr::units::measurement_rss_t<pkr::units::kilogram_t<double>>, char>' requested here
  247 |     return parse_rss<TargetMeasurement, CharT>(std::basic_string_view<CharT>{input});
      |            ^
/mnt/c/Data/projects/pkr_units/tests/parsing/test_parsing_monadic.cpp:406:19: note: in instantiation of function template specialization 'pkr::units::parse_rss<pkr::units::measurement_rss_t<pkr::units::kilogram_t<double>>, char>' requested here
  406 |     auto result = parse_rss<measurement_rss_t<kilogram_t<double>>>("100.0 +/- 0.5");
      |                   ^
/mnt/c/Data/projects/pkr_units/sdk/include/pkr_units/impl/parsing/parse_measurement_impl.h:17:8: note: template is declared here
   17 | struct measurement_unit_traits;
      |        ^
/mnt/c/Data/projects/pkr_units/sdk/include/pkr_units/impl/parsing/parse_measurement_impl.h:44:1: error: implicit instantiation of undefined template 'pkr::units::impl::measurement_unit_traits<pkr::units::measurement_rss_t<pkr::units::kilogram_t<double>>>'
   44 | using measurement_value_t = typename measurement_unit_traits<MeasurementT>::value_type;
      | ^
/mnt/c/Data/projects/pkr_units/sdk/include/pkr_units/impl/parsing/parse.h:201:30: note: in instantiation of template type alias 'measurement_value_t' requested here
  201 |     using value_type = impl::measurement_value_t<TargetMeasurement>;
      |                              ^
/mnt/c/Data/projects/pkr_units/sdk/include/pkr_units/impl/parsing/parse.h:247:12: note: in instantiation of function template specialization 'pkr::units::parse_rss<pkr::units::measurement_rss_t<pkr::units::kilogram_t<double>>, char>' requested here
  247 |     return parse_rss<TargetMeasurement, CharT>(std::basic_string_view<CharT>{input});
      |            ^
/mnt/c/Data/projects/pkr_units/tests/parsing/test_parsing_monadic.cpp:406:19: note: in instantiation of function template specialization 'pkr::units::parse_rss<pkr::units::measurement_rss_t<pkr::units::kilogram_t<double>>, char>' requested here
  406 |     auto result = parse_rss<measurement_rss_t<kilogram_t<double>>>("100.0 +/- 0.5");
      |                   ^
/mnt/c/Data/projects/pkr_units/sdk/include/pkr_units/impl/parsing/parse_measurement_impl.h:17:8: note: template is declared here
   17 | struct measurement_unit_traits;
      |        ^
In file included from /mnt/c/Data/projects/pkr_units/tests/parsing/test_parsing_monadic.cpp:3:
/mnt/c/Data/projects/pkr_units/sdk/include/pkr_units/impl/parsing/parse.h:230:36: error: no matching function for call to 'symbol_matches'
  230 |     if (!parts->symbol.empty() && !impl::symbol_matches<unit_type, CharT>(parts->symbol)) {
      |                                    ^~~~~~~~~~~~~~~~~~~~~~~~~~~~~~~~~~~~~~
/mnt/c/Data/projects/pkr_units/sdk/include/pkr_units/impl/parsing/parse.h:247:12: note: in instantiation of function template specialization 'pkr::units::parse_rss<pkr::units::measurement_rss_t<pkr::units::kilogram_t<double>>, char>' requested here
  247 |     return parse_rss<TargetMeasurement, CharT>(std::basic_string_view<CharT>{input});
      |            ^
/mnt/c/Data/projects/pkr_units/tests/parsing/test_parsing_monadic.cpp:406:19: note: in instantiation of function template specialization 'pkr::units::parse_rss<pkr::units::measurement_rss_t<pkr::units::kilogram_t<double>>, char>' requested here
  406 |     auto result = parse_rss<measurement_rss_t<kilogram_t<double>>>("100.0 +/- 0.5");
      |                   ^
/mnt/c/Data/projects/pkr_units/sdk/include/pkr_units/impl/parsing/parse_impl.h:210:16: note: candidate template ignored: constraints not satisfied [with TargetUnit = unit_type, CharT = char]
  210 | constexpr bool symbol_matches(std::basic_string_view<CharT> symbol)
      |                ^
/mnt/c/Data/projects/pkr_units/sdk/include/pkr_units/impl/parsing/parse_impl.h:209:11: note: because 'int' does not satisfy 'is_pkr_unit_c'
  209 | template <is_pkr_unit_c TargetUnit, typename CharT>
      |           ^
/mnt/c/Data/projects/pkr_units/sdk/include/pkr_units/impl/concepts/unit_concepts.h:46:25: note: because 'int' does not satisfy 'is_base_pkr_unit_c'
   46 | concept is_pkr_unit_c = is_base_pkr_unit_c<T> || is_derived_pkr_unit_c<T>;
      |                         ^
/mnt/c/Data/projects/pkr_units/sdk/include/pkr_units/impl/concepts/unit_concepts.h:42:30: note: because 'details::is_pkr_unit<int>::value' evaluated to false
   42 | concept is_base_pkr_unit_c = details::is_pkr_unit<T>::value && !is_derived_pkr_unit_c<T>;
      |                              ^
/mnt/c/Data/projects/pkr_units/sdk/include/pkr_units/impl/concepts/unit_concepts.h:46:50: note: and 'int' does not satisfy 'is_derived_pkr_unit_c'
   46 | concept is_pkr_unit_c = is_base_pkr_unit_c<T> || is_derived_pkr_unit_c<T>;
      |                                                  ^
/mnt/c/Data/projects/pkr_units/sdk/include/pkr_units/impl/concepts/unit_concepts.h:38:53: note: because 'typename T::_base' would be invalid: type 'int' cannot be used prior to '::' because it has no members
   38 | concept is_derived_pkr_unit_c = requires { typename T::_base; } && std::is_base_of_v<typename T::_base, T>;
      |                                                     ^
In file included from /mnt/c/Data/projects/pkr_units/tests/parsing/test_parsing_monadic.cpp:3:
/mnt/c/Data/projects/pkr_units/sdk/include/pkr_units/impl/parsing/parse.h:238:27: error: non-constant-expression cannot be narrowed from type 'unit_type' (aka 'int') to 'typename kilogram_t<double>::value_type' (aka 'double') in initializer list [-Wc++11-narrowing]
  238 |         TargetMeasurement{value_unit, uncertainty_unit}
      |                           ^~~~~~~~~~
/mnt/c/Data/projects/pkr_units/sdk/include/pkr_units/impl/parsing/parse.h:238:27: note: insert an explicit cast to silence this issue
  238 |         TargetMeasurement{value_unit, uncertainty_unit}
      |                           ^~~~~~~~~~
      |                           static_cast<value_type>( )
/mnt/c/Data/projects/pkr_units/sdk/include/pkr_units/impl/parsing/parse.h:238:39: error: non-constant-expression cannot be narrowed from type 'unit_type' (aka 'int') to 'typename kilogram_t<double>::value_type' (aka 'double') in initializer list [-Wc++11-narrowing]
  238 |         TargetMeasurement{value_unit, uncertainty_unit}
      |                                       ^~~~~~~~~~~~~~~~
/mnt/c/Data/projects/pkr_units/sdk/include/pkr_units/impl/parsing/parse.h:238:39: note: insert an explicit cast to silence this issue
  238 |         TargetMeasurement{value_unit, uncertainty_unit}
      |                                       ^~~~~~~~~~~~~~~~
      |                                       static_cast<value_type>( )
11 errors generated.
ninja: build stopped: subcommand failed.
[36mSI Units Build Implementation - CLANG (running in Conda environment)[0m
[36mProject Root: /mnt/c/Data/projects/pkr_units[0m
[36mBuild Directory: /mnt/c/Data/projects/pkr_units/.clang_build[0m
[36mConfiguration: Debug[0m
[36mCompiler: CLANG[0m
[36m[0m
[33mInitializing build environment...[0m
[33mBuild environment ready...[0m
[32mAll dependencies available in Conda environment[0m

[33mVerifying Conan installation...[0m
[36mConan version: Conan version 2.24.0[0m

[33mInitializing build directory...[0m

[33mInstalling dependencies with Conan (clang)...[0m

[33mConfiguring CMake...[0m

[33mBuilding project...[0m
python : [31mBuild failed in WSL: detect_api: Found cc=gcc-9.3.0
At line:1 char:1
+ python build/build.py --config Debug --compilers clang 2>&1 > build_o ...
+ ~~~~~~~~~~~~~~~~~~~~~~~~~~~~~~~~~~~~~~~~~~~~~~~~~~~~~~~~~~~~~~~~~~~~~
    + CategoryInfo          : NotSpecified: ([31mBuild fail...nd cc=gcc-9.3.0 
   :String) [], RemoteException
    + FullyQualifiedErrorId : NativeCommandError
 
detect_api: gcc>=5, using the major as version
detect_api: gcc C++ standard library: libstdc++11

Detected profile:
WARN: This profile is a guess of your environment, please check it.
WARN: The output of this command is not guaranteed to be stable and can change 
in future Conan versions.
WARN: Use your own profile files for stability.
Saving detected profile to /home/pkr/.conan2/profiles/default

======== Input profiles ========
Profile host:
[settings]
arch=x86_64
build_type=Debug
compiler=clang
compiler.cppstd=20
compiler.libcxx=libc++
compiler.version=18
os=Linux
[conf]
tools.build:compiler_executables={'c': 'clang-18', 'cpp': 'clang++-18'}
tools.cmake.cmaketoolchain:generator=Ninja

Profile build:
[settings]
arch=x86_64
build_type=Release
compiler=gcc
compiler.cppstd=gnu14
compiler.libcxx=libstdc++11
compiler.version=9
os=Linux


======== Computing dependency graph ========
Graph root
    conanfile.py (si_units/1.0.0): /mnt/c/Data/projects/pkr_units/build/conanfi
le.py
Requirements
    gtest/1.14.0#f8f0757a574a8dd747d16af62d6eb1b7 - Cache

======== Computing necessary packages ========
Requirements
    gtest/1.14.0#f8f0757a574a8dd747d16af62d6eb1b7:8b1b9b15f9369aa38b1a6a45340f1
cb5ce03c550#7bf6392e884d7534741fb6790e20d3b5 - Cache

======== Installing packages ========
gtest/1.14.0: Already installed! (1 of 1)

======== Finalizing install (deploy, generators) ========
conanfile.py (si_units/1.0.0): Calling generate()
conanfile.py (si_units/1.0.0): Generators folder: /mnt/c/Data/projects/pkr_unit
s/.clang_build/generators
conanfile.py (si_units/1.0.0): CMakeDeps necessary find_package() and targets f
or your CMakeLists.txt
    find_package(GTest)
    target_link_libraries(... gtest::gtest)
conanfile.py (si_units/1.0.0): CMakeToolchain generated: conan_toolchain.cmake
conanfile.py (si_units/1.0.0): CMakeToolchain: Preset 'conan-debug' added to CM
akePresets.json.
    (cmake>=3.23) cmake --preset conan-debug
    (cmake<3.23) cmake <path> -G Ninja -DCMAKE_TOOLCHAIN_FILE=generators/conan_
toolchain.cmake  -DCMAKE_POLICY_DEFAULT_CMP0091=NEW -DCMAKE_BUILD_TYPE=Debug
conanfile.py (si_units/1.0.0): CMakeToolchain generated: /mnt/c/Data/projects/p
kr_units/.clang_build/generators/CMakePresets.json
conanfile.py (si_units/1.0.0): Generating aggregated env files
conanfile.py (si_units/1.0.0): Generated aggregated env files: ['conanbuild.sh'
, 'conanrun.sh']
Install finished successfully
[31mBuild failed: Build failed: Command failed: cmake --build .[0m
[0m
[31mBuild failed for CLANG: Build failed in WSL for clang[0m
[31m
Some builds failed![0m
[36mSI Units CMake Build Script (Python)[0m
[36mProject Root: C:\Data\projects\pkr_units[0m
[36mConfiguration: Debug[0m
[36mCompilers: CLANG[0m
[36mConda Environment: build_si_units_1.0[0m
[36m[0m
[33mSetting up WSL Ubuntu environment...[0m
[32mClang 18 already installed in WSL[0m
[32mclang-tidy-18 already installed in WSL[0m
[32mclang-format-18 already installed in WSL[0m
[32mConan already installed in WSL[0m
[32mCMake version 4.2.2 is sufficient[0m
[32mWSL environment ready[0m
[36m[0m
[36m
============================================================[0m
[36mBuilding for CLANG[0m
[36m============================================================[0m
[36mBuild Directory: C:\Data\projects\pkr_units\.clang_build[0m
[36m[0m
[33mInitializing build directory...[0m

[33mRunning build in WSL Ubuntu...[0m
[36mWSL project root: /mnt/c/Data/projects/pkr_units[0m
[36mWSL build path: /mnt/c/Data/projects/pkr_units/.clang_build[0m
[36mWSL build impl: /mnt/c/Data/projects/pkr_units/build/scripts/build_impl.py[0m
[36mCommand: 
    export PATH="$HOME/.local/bin:$PATH" && \
    conan profile detect --force && \
    cd "/mnt/c/Data/projects/pkr_units" && \
    python3 "/mnt/c/Data/projects/pkr_units/build/scripts/build_impl.py" "/mnt/c/Data/projects/pkr_units" "/mnt/c/Data/projects/pkr_units/.clang_build" \
        --config Debug \
        --compiler clang \
        
    [0m
[33mRunning build in WSL Ubuntu...[0m
[36m
============================================================[0m
[36mBUILD SUMMARY[0m
[36m============================================================[0m
[36mCLANG : [FAILED]: Build failed in WSL for clang[0m
